// Jest Snapshot v1, https://goo.gl/fbAQLP

exports[`Pruebas en el componente GifGridItem Se debe mostrar el componente correctamente 1`] = `
<div
  className="card animate__animated animate__fadeIn"
>
  <img
    alt="gif"
    src="https://upload.wikimedia.org/wikipedia/commons/thumb/c/c1/Lionel_Messi_20180626.jpg/245px-Lionel_Messi_20180626.jpg"
  />
  <p>
    gif
  </p>
</div>
`;
